Thu Aug 20 17:02:09 UTC 2026
Thu Aug 20 19:09:50 UTC 2026
Fri Aug 21 19:05:51 UTC 2026
Sat Aug 22 18:56:09 UTC 2026
Sun Aug 23 18:55:40 UTC 2026
Mon Aug 24 19:08:57 UTC 2026
Tue Aug 25 19:07:30 UTC 2026
Wed Aug 26 20:28:02 UTC 2026
Fri Aug 28 02:15:07 UTC 2026
Sat Aug 29 01:49:07 UTC 2026
Sat Aug 29 21:03:00 UTC 2026
Sun Aug 30 21:20:11 UTC 2026
Mon Aug 31 22:57:11 UTC 2026
Tue Sep  1 21:11:11 UTC 2026
Wed Sep  2 21:10:58 UTC 2026
Thu Sep  3 21:11:14 UTC 2026
Fri Sep  4 20:54:00 UTC 2026
Sat Sep  5 20:32:58 UTC 2026
Sun Sep  6 20:36:06 UTC 2026
Mon Sep  7 21:38:58 UTC 2026
Tue Sep  8 21:18:06 UTC 2026
Wed Sep  9 21:03:01 UTC 2026
Thu Sep 10 21:02:02 UTC 2026
Fri Sep 11 21:06:48 UTC 2026
Sat Sep 12 20:44:53 UTC 2026
Sun Sep 13 20:59:50 UTC 2026
Mon Sep 14 21:56:19 UTC 2026
Tue Sep 15 21:34:31 UTC 2026
Wed Sep 16 21:29:44 UTC 2026
Thu Sep 17 21:34:21 UTC 2026
Fri Sep 18 21:04:39 UTC 2026
Sat Sep 19 20:52:51 UTC 2026
Sun Sep 20 20:57:40 UTC 2026
Mon Sep 21 22:05:25 UTC 2026
Tue Sep 22 21:32:12 UTC 2026
Wed Sep 23 21:38:02 UTC 2026
